---
source: crates/tackc_lib/src/lexer.rs
expression: tokens
input_file: crates/tackc_lib/src/lexer-tests/non-ascii.tck
---
[
  Ok(Token(
    span: Span(
      start: 0,
      end: 50,
    ),
    kind: StringLit,
    lexeme: Interned(11630305010289892668, PhantomData),
  )),
  Ok(Token(
    span: Span(
      start: 52,
      end: 109,
    ),
    kind: StringLit,
    lexeme: Interned(9613824617613772305, PhantomData),
  )),
]
