---
source: crates/tackc_lib/src/lexer.rs
expression: tokens
input_file: crates/tackc_lib/src/lexer-tests/underscore-numbers.tck
---
[
  Ok(Token(
    span: Span(
      start: 0,
      end: 3,
    ),
    kind: IntLit,
    lexeme: Interned(2917589524522631973, PhantomData),
  )),
  Ok(Token(
    span: Span(
      start: 4,
      end: 9,
    ),
    kind: FloatLit,
    lexeme: Interned(1333303608216784505, PhantomData),
  )),
  Ok(Token(
    span: Span(
      start: 11,
      end: 15,
    ),
    kind: IntLit,
    lexeme: Interned(10684144007664431514, PhantomData),
  )),
  Ok(Token(
    span: Span(
      start: 16,
      end: 25,
    ),
    kind: IntLit,
    lexeme: Interned(7487462305768454563, PhantomData),
  )),
  Ok(Token(
    span: Span(
      start: 26,
      end: 31,
    ),
    kind: FloatLit,
    lexeme: Interned(4361151033713414397, PhantomData),
  )),
  Ok(Token(
    span: Span(
      start: 32,
      end: 36,
    ),
    kind: IntLit,
    lexeme: Interned(5812066367934778103, PhantomData),
  )),
  Ok(Token(
    span: Span(
      start: 37,
      end: 39,
    ),
    kind: Ident,
    lexeme: Interned(11812891865018945847, PhantomData),
  )),
  Ok(Token(
    span: Span(
      start: 40,
      end: 43,
    ),
    kind: Ident,
    lexeme: Interned(17808590661501180053, PhantomData),
  )),
  Ok(Token(
    span: Span(
      start: 44,
      end: 46,
    ),
    kind: Ident,
    lexeme: Interned(11812891865018945847, PhantomData),
  )),
  Ok(Token(
    span: Span(
      start: 47,
      end: 51,
    ),
    kind: IntLit,
    lexeme: Interned(5400086850830125747, PhantomData),
  )),
  Ok(Token(
    span: Span(
      start: 52,
      end: 61,
    ),
    kind: IntLit,
    lexeme: Interned(11943422070134765329, PhantomData),
  )),
]
