---
source: crates/tackc_lexer/src/lib.rs
expression: tokens
input_file: crates/tackc_lexer/src/lexer/numbers.tck
---
[
  Ok(Token(
    span: Span(
      start: 0,
      end: 1,
    ),
    kind: IntLit,
    lexeme: Interned(10019683587694836890, PhantomData),
  )),
  Ok(Token(
    span: Span(
      start: 2,
      end: 3,
    ),
    kind: IntLit,
    lexeme: Interned(9290355111161746293, PhantomData),
  )),
  Ok(Token(
    span: Span(
      start: 4,
      end: 6,
    ),
    kind: IntLit,
    lexeme: Interned(418946861099081709, PhantomData),
  )),
  Ok(Token(
    span: Span(
      start: 7,
      end: 10,
    ),
    kind: IntLit,
    lexeme: Interned(4539395718742525553, PhantomData),
  )),
  Ok(Token(
    span: Span(
      start: 11,
      end: 14,
    ),
    kind: FloatLit,
    lexeme: Interned(5871052412178392148, PhantomData),
  )),
  Ok(Token(
    span: Span(
      start: 15,
      end: 18,
    ),
    kind: FloatLit,
    lexeme: Interned(7865387935025253808, PhantomData),
  )),
  Ok(Token(
    span: Span(
      start: 19,
      end: 24,
    ),
    kind: FloatLit,
    lexeme: Interned(6237589215592757233, PhantomData),
  )),
  Ok(Token(
    span: Span(
      start: 25,
      end: 31,
    ),
    kind: FloatLit,
    lexeme: Interned(2909450820314351331, PhantomData),
  )),
  Ok(Token(
    span: Span(
      start: 32,
      end: 43,
    ),
    kind: FloatLit,
    lexeme: Interned(15579169947228321093, PhantomData),
  )),
  Ok(Token(
    span: Span(
      start: 44,
      end: 48,
    ),
    kind: FloatLit,
    lexeme: Interned(16064261753775073313, PhantomData),
  )),
  Ok(Token(
    span: Span(
      start: 49,
      end: 51,
    ),
    kind: FloatLit,
    lexeme: Interned(18160063526699141124, PhantomData),
  )),
  Err(LexError(
    span: Span(
      start: 52,
      end: 56,
    ),
    kind: MissingExponentDigits,
  )),
  Err(LexError(
    span: Span(
      start: 57,
      end: 61,
    ),
    kind: MissingExponentDigits,
  )),
  Err(LexError(
    span: Span(
      start: 62,
      end: 67,
    ),
    kind: MissingExponentDigits,
  )),
  Err(LexError(
    span: Span(
      start: 68,
      end: 74,
    ),
    kind: MissingExponentDigits,
  )),
  Err(LexError(
    span: Span(
      start: 75,
      end: 83,
    ),
    kind: MissingExponentDigits,
  )),
  Ok(Token(
    span: Span(
      start: 84,
      end: 86,
    ),
    kind: IntLit,
    lexeme: Interned(17945756912272246854, PhantomData),
  )),
  Ok(Token(
    span: Span(
      start: 86,
      end: 87,
    ),
    kind: Dot,
    lexeme: Interned(11711581811000960557, PhantomData),
  )),
  Ok(Token(
    span: Span(
      start: 87,
      end: 88,
    ),
    kind: Ident,
    lexeme: Interned(10068279609222800363, PhantomData),
  )),
  Ok(Token(
    span: Span(
      start: 89,
      end: 92,
    ),
    kind: IntLit,
    lexeme: Interned(12200615447338717861, PhantomData),
  )),
  Ok(Token(
    span: Span(
      start: 92,
      end: 93,
    ),
    kind: Dot,
    lexeme: Interned(11711581811000960557, PhantomData),
  )),
  Ok(Token(
    span: Span(
      start: 93,
      end: 94,
    ),
    kind: Ident,
    lexeme: Interned(10068279609222800363, PhantomData),
  )),
  Ok(Token(
    span: Span(
      start: 95,
      end: 98,
    ),
    kind: FloatLit,
    lexeme: Interned(208828881824403562, PhantomData),
  )),
  Ok(Token(
    span: Span(
      start: 99,
      end: 103,
    ),
    kind: FloatLit,
    lexeme: Interned(6114988435849751913, PhantomData),
  )),
  Ok(Token(
    span: Span(
      start: 104,
      end: 108,
    ),
    kind: FloatLit,
    lexeme: Interned(5743552523577863216, PhantomData),
  )),
  Ok(Token(
    span: Span(
      start: 109,
      end: 116,
    ),
    kind: FloatLit,
    lexeme: Interned(16425059649903044853, PhantomData),
  )),
  Ok(Token(
    span: Span(
      start: 117,
      end: 122,
    ),
    kind: FloatLit,
    lexeme: Interned(11059038765753228277, PhantomData),
  )),
  Ok(Token(
    span: Span(
      start: 123,
      end: 129,
    ),
    kind: FloatLit,
    lexeme: Interned(8520525356729350245, PhantomData),
  )),
  Ok(Token(
    span: Span(
      start: 130,
      end: 136,
    ),
    kind: FloatLit,
    lexeme: Interned(2567990386241960709, PhantomData),
  )),
  Ok(Token(
    span: Span(
      start: 137,
      end: 146,
    ),
    kind: FloatLit,
    lexeme: Interned(7924795494733057989, PhantomData),
  )),
  Ok(Token(
    span: Span(
      start: 147,
      end: 157,
    ),
    kind: FloatLit,
    lexeme: Interned(14533168738171247695, PhantomData),
  )),
]
