---
source: crates/tackc_lexer/src/lib.rs
expression: tokens
input_file: crates/tackc_lexer/src/lexer/operators.tck
---
[
  Ok(Token(
    span: Span(
      start: 0,
      end: 2,
    ),
    kind: PipePipe,
  )),
  Ok(Token(
    span: Span(
      start: 3,
      end: 4,
    ),
    kind: Pipe,
  )),
  Ok(Token(
    span: Span(
      start: 5,
      end: 7,
    ),
    kind: PlusEq,
  )),
  Ok(Token(
    span: Span(
      start: 8,
      end: 9,
    ),
    kind: Eq,
  )),
  Ok(Token(
    span: Span(
      start: 10,
      end: 11,
    ),
    kind: Plus,
  )),
  Ok(Token(
    span: Span(
      start: 12,
      end: 13,
    ),
    kind: Minus,
  )),
  Ok(Token(
    span: Span(
      start: 14,
      end: 15,
    ),
    kind: Star,
  )),
  Ok(Token(
    span: Span(
      start: 16,
      end: 17,
    ),
    kind: Slash,
  )),
  Ok(Token(
    span: Span(
      start: 18,
      end: 19,
    ),
    kind: LParen,
  )),
  Ok(Token(
    span: Span(
      start: 19,
      end: 20,
    ),
    kind: RParen,
  )),
  Ok(Token(
    span: Span(
      start: 21,
      end: 22,
    ),
    kind: LBrace,
  )),
  Ok(Token(
    span: Span(
      start: 22,
      end: 23,
    ),
    kind: RBrace,
  )),
  Ok(Token(
    span: Span(
      start: 24,
      end: 25,
    ),
    kind: LBracket,
  )),
  Ok(Token(
    span: Span(
      start: 25,
      end: 26,
    ),
    kind: RBracket,
  )),
  Ok(Token(
    span: Span(
      start: 27,
      end: 28,
    ),
    kind: Gt,
  )),
  Ok(Token(
    span: Span(
      start: 29,
      end: 30,
    ),
    kind: Lt,
  )),
  Ok(Token(
    span: Span(
      start: 31,
      end: 33,
    ),
    kind: GtEq,
  )),
  Ok(Token(
    span: Span(
      start: 34,
      end: 36,
    ),
    kind: LtEq,
  )),
  Ok(Token(
    span: Span(
      start: 37,
      end: 39,
    ),
    kind: EqEq,
  )),
  Ok(Token(
    span: Span(
      start: 40,
      end: 42,
    ),
    kind: BangEq,
  )),
]
