---
source: crates/tackc_lib/src/lexer.rs
input_file: crates/tackc_lib/src/lexer-tests/operators.tck
---
[
  Ok(Token(
    span: Span(
      start: 0,
      end: 2,
    ),
    kind: PipePipe,
    lexeme: Interned(1760668217625641319, PhantomData),
  )),
  Ok(Token(
    span: Span(
      start: 3,
      end: 4,
    ),
    kind: Pipe,
    lexeme: Interned(7174656023638368890, PhantomData),
  )),
  Ok(Token(
    span: Span(
      start: 5,
      end: 7,
    ),
    kind: PlusEq,
    lexeme: Interned(11791079616381802591, PhantomData),
  )),
  Ok(Token(
    span: Span(
      start: 8,
      end: 9,
    ),
    kind: Eq,
    lexeme: Interned(12662824811846108664, PhantomData),
  )),
  Ok(Token(
    span: Span(
      start: 10,
      end: 11,
    ),
    kind: Plus,
    lexeme: Interned(9271261535801765072, PhantomData),
  )),
  Ok(Token(
    span: Span(
      start: 12,
      end: 13,
    ),
    kind: Minus,
    lexeme: Interned(11570405201387466314, PhantomData),
  )),
  Ok(Token(
    span: Span(
      start: 14,
      end: 15,
    ),
    kind: Star,
    lexeme: Interned(17614116018362534654, PhantomData),
  )),
  Ok(Token(
    span: Span(
      start: 16,
      end: 17,
    ),
    kind: Slash,
    lexeme: Interned(15257379049680145570, PhantomData),
  )),
  Ok(Token(
    span: Span(
      start: 18,
      end: 19,
    ),
    kind: LParen,
    lexeme: Interned(11521414760139833694, PhantomData),
  )),
  Ok(Token(
    span: Span(
      start: 19,
      end: 20,
    ),
    kind: RParen,
    lexeme: Interned(2010386334778227314, PhantomData),
  )),
  Ok(Token(
    span: Span(
      start: 21,
      end: 22,
    ),
    kind: LBrace,
    lexeme: Interned(13823032201068319013, PhantomData),
  )),
  Ok(Token(
    span: Span(
      start: 22,
      end: 23,
    ),
    kind: RBrace,
    lexeme: Interned(1801663808303485204, PhantomData),
  )),
  Ok(Token(
    span: Span(
      start: 24,
      end: 25,
    ),
    kind: LBracket,
    lexeme: Interned(3593907318860349919, PhantomData),
  )),
  Ok(Token(
    span: Span(
      start: 25,
      end: 26,
    ),
    kind: RBracket,
    lexeme: Interned(11411644479232591381, PhantomData),
  )),
  Ok(Token(
    span: Span(
      start: 27,
      end: 28,
    ),
    kind: Gt,
    lexeme: Interned(79733639259789661, PhantomData),
  )),
  Ok(Token(
    span: Span(
      start: 29,
      end: 30,
    ),
    kind: Lt,
    lexeme: Interned(1802662262816628034, PhantomData),
  )),
  Ok(Token(
    span: Span(
      start: 31,
      end: 33,
    ),
    kind: GtEq,
    lexeme: Interned(11253030706894882449, PhantomData),
  )),
  Ok(Token(
    span: Span(
      start: 34,
      end: 36,
    ),
    kind: LtEq,
    lexeme: Interned(14457308068410203317, PhantomData),
  )),
  Ok(Token(
    span: Span(
      start: 37,
      end: 39,
    ),
    kind: EqEq,
    lexeme: Interned(7248837005833381093, PhantomData),
  )),
  Ok(Token(
    span: Span(
      start: 40,
      end: 42,
    ),
    kind: BangEq,
    lexeme: Interned(3911589645475651280, PhantomData),
  )),
]
