---
source: tackc_lib/src/parser.rs
input_file: tackc_lib/src/parser/tests/oop.tck
---
(AstModule(
  file: File(
    src: "mod tests.order_of_operations;\n\nfunc main() {\n    println(\"{}\", 3 + 2 * 5);\n}\n",
    path: "testing.tck",
    line_starts: [
      0,
      31,
      32,
      46,
      76,
      78,
    ],
    id: 1888024003,
  ),
  mod_stmt: Some(ModStatement(
    exported: false,
    path: Some(AstPath(
      components: [
        Some(Interned(8922184771857907008, PhantomData)),
        Some(Interned(12761340558565472169, PhantomData)),
      ],
      id: NodeId(
        id: 1,
        file: 1888024003,
      ),
    )),
    id: NodeId(
      id: 2,
      file: 1888024003,
    ),
  )),
  items: [
    Some(Item(
      kind: FuncItem(FuncItem(
        exported: false,
        ident: Some(Interned(10208821999078660917, PhantomData)),
        params: [],
        ret_type: None,
        block: Some(Block(
          stmts: [
            Some(Statement(
              kind: ExpressionStatement(ExpressionStatement(
                expr: Expression(
                  kind: Call(Expression(
                    kind: Ident(Interned(15294229520853328409, PhantomData)),
                    id: NodeId(
                      id: 3,
                      file: 1888024003,
                    ),
                  ), [
                    Some(Expression(
                      kind: StringLit(Interned(14598065627300119639, PhantomData)),
                      id: NodeId(
                        id: 4,
                        file: 1888024003,
                      ),
                    )),
                    Some(Expression(
                      kind: Binary(Add, Expression(
                        kind: IntLit(Interned(9512443353228393487, PhantomData)),
                        id: NodeId(
                          id: 5,
                          file: 1888024003,
                        ),
                      ), Expression(
                        kind: Binary(Mul, Expression(
                          kind: IntLit(Interned(9290355111161746293, PhantomData)),
                          id: NodeId(
                            id: 6,
                            file: 1888024003,
                          ),
                        ), Expression(
                          kind: IntLit(Interned(7161555357105607078, PhantomData)),
                          id: NodeId(
                            id: 7,
                            file: 1888024003,
                          ),
                        )),
                        id: NodeId(
                          id: 8,
                          file: 1888024003,
                        ),
                      )),
                      id: NodeId(
                        id: 9,
                        file: 1888024003,
                      ),
                    )),
                  ]),
                  id: NodeId(
                    id: 10,
                    file: 1888024003,
                  ),
                ),
                semi: Some(Some(Token(
                  span: Span(
                    start: 74,
                    end: 75,
                    file: 1888024003,
                  ),
                  kind: Semicolon,
                  lexeme: Interned(3447890864966814147, PhantomData),
                ))),
              )),
              id: NodeId(
                id: 11,
                file: 1888024003,
              ),
            )),
          ],
          expr: None,
          id: NodeId(
            id: 12,
            file: 1888024003,
          ),
        )),
      )),
      id: NodeId(
        id: 13,
        file: 1888024003,
      ),
    )),
  ],
  spans: {
    NodeId(
      id: 1,
      file: 1888024003,
    ): Span(
      start: 4,
      end: 29,
      file: 1888024003,
    ),
    NodeId(
      id: 2,
      file: 1888024003,
    ): Span(
      start: 0,
      end: 30,
      file: 1888024003,
    ),
    NodeId(
      id: 3,
      file: 1888024003,
    ): Span(
      start: 50,
      end: 57,
      file: 1888024003,
    ),
    NodeId(
      id: 4,
      file: 1888024003,
    ): Span(
      start: 58,
      end: 62,
      file: 1888024003,
    ),
    NodeId(
      id: 5,
      file: 1888024003,
    ): Span(
      start: 64,
      end: 65,
      file: 1888024003,
    ),
    NodeId(
      id: 6,
      file: 1888024003,
    ): Span(
      start: 68,
      end: 69,
      file: 1888024003,
    ),
    NodeId(
      id: 7,
      file: 1888024003,
    ): Span(
      start: 72,
      end: 73,
      file: 1888024003,
    ),
    NodeId(
      id: 8,
      file: 1888024003,
    ): Span(
      start: 68,
      end: 73,
      file: 1888024003,
    ),
    NodeId(
      id: 9,
      file: 1888024003,
    ): Span(
      start: 64,
      end: 73,
      file: 1888024003,
    ),
    NodeId(
      id: 10,
      file: 1888024003,
    ): Span(
      start: 50,
      end: 74,
      file: 1888024003,
    ),
    NodeId(
      id: 11,
      file: 1888024003,
    ): Span(
      start: 50,
      end: 75,
      file: 1888024003,
    ),
    NodeId(
      id: 12,
      file: 1888024003,
    ): Span(
      start: 44,
      end: 77,
      file: 1888024003,
    ),
    NodeId(
      id: 13,
      file: 1888024003,
    ): Span(
      start: 32,
      end: 77,
      file: 1888024003,
    ),
  },
), [])
