---
source: crates/tackc_lib/src/lexer.rs
input_file: crates/tackc_lib/src/lexer-tests/trailing-dot-floats.tck
---
[
  Ok(Token(
    span: Span(
      start: 0,
      end: 1,
    ),
    kind: IntLit,
    lexeme: Interned(7161555357105607078, PhantomData),
  )),
  Ok(Token(
    span: Span(
      start: 1,
      end: 2,
    ),
    kind: Dot,
    lexeme: Interned(11711581811000960557, PhantomData),
  )),
  Ok(Token(
    span: Span(
      start: 2,
      end: 3,
    ),
    kind: Ident,
    lexeme: Interned(1181946830874371766, PhantomData),
  )),
  Ok(Token(
    span: Span(
      start: 4,
      end: 6,
    ),
    kind: FloatLit,
    lexeme: Interned(15804891890253226098, PhantomData),
  )),
  Ok(Token(
    span: Span(
      start: 7,
      end: 8,
    ),
    kind: IntLit,
    lexeme: Interned(9512443353228393487, PhantomData),
  )),
  Ok(Token(
    span: Span(
      start: 8,
      end: 9,
    ),
    kind: Dot,
    lexeme: Interned(11711581811000960557, PhantomData),
  )),
  Ok(Token(
    span: Span(
      start: 9,
      end: 10,
    ),
    kind: Dot,
    lexeme: Interned(11711581811000960557, PhantomData),
  )),
  Ok(Token(
    span: Span(
      start: 11,
      end: 12,
    ),
    kind: IntLit,
    lexeme: Interned(10019683587694836890, PhantomData),
  )),
  Ok(Token(
    span: Span(
      start: 12,
      end: 13,
    ),
    kind: Dot,
    lexeme: Interned(11711581811000960557, PhantomData),
  )),
  Ok(Token(
    span: Span(
      start: 13,
      end: 14,
    ),
    kind: Ident,
    lexeme: Interned(15260803566067473922, PhantomData),
  )),
]
