---
source: crates/tackc_lexer/src/lib.rs
expression: tokens
input_file: crates/tackc_lexer/src/lexer/keywords-identifiers.tck
---
[
  Ok(Token(
    span: Span(
      start: 0,
      end: 4,
    ),
    kind: Func,
    lexeme: Interned(14513702477577586159, PhantomData),
  )),
  Ok(Token(
    span: Span(
      start: 5,
      end: 8,
    ),
    kind: Let,
    lexeme: Interned(12960948860117005790, PhantomData),
  )),
  Ok(Token(
    span: Span(
      start: 9,
      end: 14,
    ),
    kind: Const,
    lexeme: Interned(4021016191261256089, PhantomData),
  )),
  Ok(Token(
    span: Span(
      start: 15,
      end: 25,
    ),
    kind: Ident,
    lexeme: Interned(13881270030764443163, PhantomData),
  )),
  Ok(Token(
    span: Span(
      start: 26,
      end: 27,
    ),
    kind: Ident,
    lexeme: Interned(1744093692151495636, PhantomData),
  )),
  Ok(Token(
    span: Span(
      start: 28,
      end: 33,
    ),
    kind: Ident,
    lexeme: Interned(16004185104431824061, PhantomData),
  )),
  Ok(Token(
    span: Span(
      start: 34,
      end: 38,
    ),
    kind: Ident,
    lexeme: Interned(8810078392741492470, PhantomData),
  )),
  Ok(Token(
    span: Span(
      start: 39,
      end: 45,
    ),
    kind: Ident,
    lexeme: Interned(14914455799080222655, PhantomData),
  )),
  Ok(Token(
    span: Span(
      start: 46,
      end: 55,
    ),
    kind: Ident,
    lexeme: Interned(17621838748197572899, PhantomData),
  )),
  Ok(Token(
    span: Span(
      start: 56,
      end: 59,
    ),
    kind: I32,
    lexeme: Interned(1629207603688809684, PhantomData),
  )),
  Ok(Token(
    span: Span(
      start: 60,
      end: 62,
    ),
    kind: U8,
    lexeme: Interned(6133658421577569729, PhantomData),
  )),
  Ok(Token(
    span: Span(
      start: 63,
      end: 66,
    ),
    kind: I64,
    lexeme: Interned(1687693054702409156, PhantomData),
  )),
  Ok(Token(
    span: Span(
      start: 67,
      end: 70,
    ),
    kind: Exp,
    lexeme: Interned(9467368404845537658, PhantomData),
  )),
  Ok(Token(
    span: Span(
      start: 71,
      end: 74,
    ),
    kind: Imp,
    lexeme: Interned(4323320986108109594, PhantomData),
  )),
]
