---
source: tackc_lib/src/frontend/parser.rs
input_file: tackc_lib/src/frontend/parser-tests/basic.tck
---
(AstModule(
  file: 2616890762,
  mod_stmt: Some(ModStatement(
    exported: false,
    path: Some(AstPath(
      components: [
        Some(Interned(4008406373043006187, PhantomData)),
      ],
      id: NodeId(
        id: 1,
        file: 2616890762,
      ),
    )),
    id: NodeId(
      id: 2,
      file: 2616890762,
    ),
  )),
  items: [
    Some(Item(
      kind: FuncItem(FuncItem(
        exported: true,
        ident: Some(Interned(13444541448993416714, PhantomData)),
        params: [],
        ret_type: None,
        block: Some(Block(
          stmts: [
            Some(Statement(
              kind: ExpressionStatement(ExpressionStatement(
                expr: Expression(
                  kind: Call(Expression(
                    kind: Ident(Interned(3691574867306736495, PhantomData)),
                    id: NodeId(
                      id: 3,
                      file: 2616890762,
                    ),
                  ), [
                    Some(Expression(
                      kind: StringLit(Interned(8470909341547293647, PhantomData)),
                      id: NodeId(
                        id: 4,
                        file: 2616890762,
                      ),
                    )),
                  ]),
                  id: NodeId(
                    id: 5,
                    file: 2616890762,
                  ),
                ),
                semi: Some(Some(Token(
                  span: Span(
                    start: 58,
                    end: 59,
                    file: 2616890762,
                  ),
                  kind: Semicolon,
                  lexeme: Interned(3447890864966814147, PhantomData),
                ))),
              )),
              id: NodeId(
                id: 6,
                file: 2616890762,
              ),
            )),
          ],
          expr: None,
          id: NodeId(
            id: 7,
            file: 2616890762,
          ),
        )),
      )),
      id: NodeId(
        id: 8,
        file: 2616890762,
      ),
    )),
  ],
  spans: {
    NodeId(
      id: 1,
      file: 2616890762,
    ): Span(
      start: 4,
      end: 9,
      file: 2616890762,
    ),
    NodeId(
      id: 2,
      file: 2616890762,
    ): Span(
      start: 0,
      end: 10,
      file: 2616890762,
    ),
    NodeId(
      id: 3,
      file: 2616890762,
    ): Span(
      start: 34,
      end: 41,
      file: 2616890762,
    ),
    NodeId(
      id: 4,
      file: 2616890762,
    ): Span(
      start: 42,
      end: 57,
      file: 2616890762,
    ),
    NodeId(
      id: 5,
      file: 2616890762,
    ): Span(
      start: 34,
      end: 58,
      file: 2616890762,
    ),
    NodeId(
      id: 6,
      file: 2616890762,
    ): Span(
      start: 34,
      end: 59,
      file: 2616890762,
    ),
    NodeId(
      id: 7,
      file: 2616890762,
    ): Span(
      start: 28,
      end: 61,
      file: 2616890762,
    ),
    NodeId(
      id: 8,
      file: 2616890762,
    ): Span(
      start: 16,
      end: 61,
      file: 2616890762,
    ),
  },
), [])
