---
source: tackc_lib/src/frontend/parser.rs
input_file: tackc_lib/src/frontend/parser-tests/failure.tck
---
(AstModule(
  file: 1457972598,
  mod_stmt: Some(ModStatement(
    exported: false,
    path: Some(AstPath(
      components: [
        Some(Interned(6372208370462244414, PhantomData)),
        Some(Interned(17464490312157915733, PhantomData)),
      ],
      id: NodeId(
        id: 1,
        file: 1457972598,
      ),
    )),
    id: NodeId(
      id: 2,
      file: 1457972598,
    ),
  )),
  items: [
    Some(Item(
      kind: FuncItem(FuncItem(
        exported: false,
        ident: Some(Interned(16715326007452454805, PhantomData)),
        params: [],
        ret_type: Some(None),
        block: Some(Block(
          stmts: [],
          expr: Some(Some(Expression(
            kind: Grouping(Some(Expression(
              kind: Grouping(Some(Expression(
                kind: Grouping(Some(Expression(
                  kind: Grouping(Some(Expression(
                    kind: Grouping(Some(Expression(
                      kind: Grouping(Some(Expression(
                        kind: Grouping(Some(Expression(
                          kind: Grouping(Some(Expression(
                            kind: Grouping(Some(Expression(
                              kind: Grouping(Some(Expression(
                                kind: Grouping(Some(Expression(
                                  kind: Grouping(Some(Expression(
                                    kind: Grouping(Some(Expression(
                                      kind: Grouping(Some(Expression(
                                        kind: Grouping(Some(Expression(
                                          kind: Grouping(Some(Expression(
                                            kind: Grouping(Some(Expression(
                                              kind: Grouping(Some(Expression(
                                                kind: Grouping(Some(Expression(
                                                  kind: Grouping(Some(Expression(
                                                    kind: Grouping(Some(Expression(
                                                      kind: Grouping(Some(Expression(
                                                        kind: Grouping(Some(Expression(
                                                          kind: Grouping(Some(Expression(
                                                            kind: Grouping(Some(Expression(
                                                              kind: Grouping(Some(Expression(
                                                                kind: Grouping(Some(Expression(
                                                                  kind: Grouping(Some(Expression(
                                                                    kind: Grouping(Some(Expression(
                                                                      kind: Grouping(Some(Expression(
                                                                        kind: Grouping(Some(Expression(
                                                                          kind: Grouping(Some(Expression(
                                                                            kind: Grouping(Some(Expression(
                                                                              kind: Grouping(Some(Expression(
                                                                                kind: Grouping(Some(Expression(
                                                                                  kind: Grouping(Some(Expression(
                                                                                    kind: Grouping(Some(Expression(
                                                                                      kind: Grouping(Some(Expression(
                                                                                        kind: Grouping(Some(Expression(
                                                                                          kind: Grouping(Some(Expression(
                                                                                            kind: Grouping(Some(Expression(
                                                                                              kind: Grouping(None),
                                                                                              id: NodeId(
                                                                                                id: 3,
                                                                                                file: 1457972598,
                                                                                              ),
                                                                                            ))),
                                                                                            id: NodeId(
                                                                                              id: 4,
                                                                                              file: 1457972598,
                                                                                            ),
                                                                                          ))),
                                                                                          id: NodeId(
                                                                                            id: 5,
                                                                                            file: 1457972598,
                                                                                          ),
                                                                                        ))),
                                                                                        id: NodeId(
                                                                                          id: 6,
                                                                                          file: 1457972598,
                                                                                        ),
                                                                                      ))),
                                                                                      id: NodeId(
                                                                                        id: 7,
                                                                                        file: 1457972598,
                                                                                      ),
                                                                                    ))),
                                                                                    id: NodeId(
                                                                                      id: 8,
                                                                                      file: 1457972598,
                                                                                    ),
                                                                                  ))),
                                                                                  id: NodeId(
                                                                                    id: 9,
                                                                                    file: 1457972598,
                                                                                  ),
                                                                                ))),
                                                                                id: NodeId(
                                                                                  id: 10,
                                                                                  file: 1457972598,
                                                                                ),
                                                                              ))),
                                                                              id: NodeId(
                                                                                id: 11,
                                                                                file: 1457972598,
                                                                              ),
                                                                            ))),
                                                                            id: NodeId(
                                                                              id: 12,
                                                                              file: 1457972598,
                                                                            ),
                                                                          ))),
                                                                          id: NodeId(
                                                                            id: 13,
                                                                            file: 1457972598,
                                                                          ),
                                                                        ))),
                                                                        id: NodeId(
                                                                          id: 14,
                                                                          file: 1457972598,
                                                                        ),
                                                                      ))),
                                                                      id: NodeId(
                                                                        id: 15,
                                                                        file: 1457972598,
                                                                      ),
                                                                    ))),
                                                                    id: NodeId(
                                                                      id: 16,
                                                                      file: 1457972598,
                                                                    ),
                                                                  ))),
                                                                  id: NodeId(
                                                                    id: 17,
                                                                    file: 1457972598,
                                                                  ),
                                                                ))),
                                                                id: NodeId(
                                                                  id: 18,
                                                                  file: 1457972598,
                                                                ),
                                                              ))),
                                                              id: NodeId(
                                                                id: 19,
                                                                file: 1457972598,
                                                              ),
                                                            ))),
                                                            id: NodeId(
                                                              id: 20,
                                                              file: 1457972598,
                                                            ),
                                                          ))),
                                                          id: NodeId(
                                                            id: 21,
                                                            file: 1457972598,
                                                          ),
                                                        ))),
                                                        id: NodeId(
                                                          id: 22,
                                                          file: 1457972598,
                                                        ),
                                                      ))),
                                                      id: NodeId(
                                                        id: 23,
                                                        file: 1457972598,
                                                      ),
                                                    ))),
                                                    id: NodeId(
                                                      id: 24,
                                                      file: 1457972598,
                                                    ),
                                                  ))),
                                                  id: NodeId(
                                                    id: 25,
                                                    file: 1457972598,
                                                  ),
                                                ))),
                                                id: NodeId(
                                                  id: 26,
                                                  file: 1457972598,
                                                ),
                                              ))),
                                              id: NodeId(
                                                id: 27,
                                                file: 1457972598,
                                              ),
                                            ))),
                                            id: NodeId(
                                              id: 28,
                                              file: 1457972598,
                                            ),
                                          ))),
                                          id: NodeId(
                                            id: 29,
                                            file: 1457972598,
                                          ),
                                        ))),
                                        id: NodeId(
                                          id: 30,
                                          file: 1457972598,
                                        ),
                                      ))),
                                      id: NodeId(
                                        id: 31,
                                        file: 1457972598,
                                      ),
                                    ))),
                                    id: NodeId(
                                      id: 32,
                                      file: 1457972598,
                                    ),
                                  ))),
                                  id: NodeId(
                                    id: 33,
                                    file: 1457972598,
                                  ),
                                ))),
                                id: NodeId(
                                  id: 34,
                                  file: 1457972598,
                                ),
                              ))),
                              id: NodeId(
                                id: 35,
                                file: 1457972598,
                              ),
                            ))),
                            id: NodeId(
                              id: 36,
                              file: 1457972598,
                            ),
                          ))),
                          id: NodeId(
                            id: 37,
                            file: 1457972598,
                          ),
                        ))),
                        id: NodeId(
                          id: 38,
                          file: 1457972598,
                        ),
                      ))),
                      id: NodeId(
                        id: 39,
                        file: 1457972598,
                      ),
                    ))),
                    id: NodeId(
                      id: 40,
                      file: 1457972598,
                    ),
                  ))),
                  id: NodeId(
                    id: 41,
                    file: 1457972598,
                  ),
                ))),
                id: NodeId(
                  id: 42,
                  file: 1457972598,
                ),
              ))),
              id: NodeId(
                id: 43,
                file: 1457972598,
              ),
            ))),
            id: NodeId(
              id: 44,
              file: 1457972598,
            ),
          ))),
          id: NodeId(
            id: 45,
            file: 1457972598,
          ),
        )),
      )),
      id: NodeId(
        id: 46,
        file: 1457972598,
      ),
    )),
  ],
  spans: {
    NodeId(
      id: 1,
      file: 1457972598,
    ): Span(
      start: 4,
      end: 17,
      file: 1457972598,
    ),
    NodeId(
      id: 2,
      file: 1457972598,
    ): Span(
      start: 0,
      end: 18,
      file: 1457972598,
    ),
    NodeId(
      id: 3,
      file: 1457972598,
    ): Span(
      start: 83,
      end: 219,
      file: 1457972598,
    ),
    NodeId(
      id: 4,
      file: 1457972598,
    ): Span(
      start: 82,
      end: 220,
      file: 1457972598,
    ),
    NodeId(
      id: 5,
      file: 1457972598,
    ): Span(
      start: 81,
      end: 221,
      file: 1457972598,
    ),
    NodeId(
      id: 6,
      file: 1457972598,
    ): Span(
      start: 80,
      end: 222,
      file: 1457972598,
    ),
    NodeId(
      id: 7,
      file: 1457972598,
    ): Span(
      start: 79,
      end: 223,
      file: 1457972598,
    ),
    NodeId(
      id: 8,
      file: 1457972598,
    ): Span(
      start: 78,
      end: 224,
      file: 1457972598,
    ),
    NodeId(
      id: 9,
      file: 1457972598,
    ): Span(
      start: 77,
      end: 225,
      file: 1457972598,
    ),
    NodeId(
      id: 10,
      file: 1457972598,
    ): Span(
      start: 76,
      end: 226,
      file: 1457972598,
    ),
    NodeId(
      id: 11,
      file: 1457972598,
    ): Span(
      start: 75,
      end: 227,
      file: 1457972598,
    ),
    NodeId(
      id: 12,
      file: 1457972598,
    ): Span(
      start: 74,
      end: 228,
      file: 1457972598,
    ),
    NodeId(
      id: 13,
      file: 1457972598,
    ): Span(
      start: 73,
      end: 229,
      file: 1457972598,
    ),
    NodeId(
      id: 14,
      file: 1457972598,
    ): Span(
      start: 72,
      end: 230,
      file: 1457972598,
    ),
    NodeId(
      id: 15,
      file: 1457972598,
    ): Span(
      start: 71,
      end: 231,
      file: 1457972598,
    ),
    NodeId(
      id: 16,
      file: 1457972598,
    ): Span(
      start: 70,
      end: 232,
      file: 1457972598,
    ),
    NodeId(
      id: 17,
      file: 1457972598,
    ): Span(
      start: 69,
      end: 233,
      file: 1457972598,
    ),
    NodeId(
      id: 18,
      file: 1457972598,
    ): Span(
      start: 68,
      end: 234,
      file: 1457972598,
    ),
    NodeId(
      id: 19,
      file: 1457972598,
    ): Span(
      start: 67,
      end: 235,
      file: 1457972598,
    ),
    NodeId(
      id: 20,
      file: 1457972598,
    ): Span(
      start: 66,
      end: 236,
      file: 1457972598,
    ),
    NodeId(
      id: 21,
      file: 1457972598,
    ): Span(
      start: 65,
      end: 237,
      file: 1457972598,
    ),
    NodeId(
      id: 22,
      file: 1457972598,
    ): Span(
      start: 64,
      end: 238,
      file: 1457972598,
    ),
    NodeId(
      id: 23,
      file: 1457972598,
    ): Span(
      start: 63,
      end: 239,
      file: 1457972598,
    ),
    NodeId(
      id: 24,
      file: 1457972598,
    ): Span(
      start: 62,
      end: 240,
      file: 1457972598,
    ),
    NodeId(
      id: 25,
      file: 1457972598,
    ): Span(
      start: 61,
      end: 241,
      file: 1457972598,
    ),
    NodeId(
      id: 26,
      file: 1457972598,
    ): Span(
      start: 60,
      end: 242,
      file: 1457972598,
    ),
    NodeId(
      id: 27,
      file: 1457972598,
    ): Span(
      start: 59,
      end: 243,
      file: 1457972598,
    ),
    NodeId(
      id: 28,
      file: 1457972598,
    ): Span(
      start: 58,
      end: 244,
      file: 1457972598,
    ),
    NodeId(
      id: 29,
      file: 1457972598,
    ): Span(
      start: 57,
      end: 245,
      file: 1457972598,
    ),
    NodeId(
      id: 30,
      file: 1457972598,
    ): Span(
      start: 56,
      end: 246,
      file: 1457972598,
    ),
    NodeId(
      id: 31,
      file: 1457972598,
    ): Span(
      start: 55,
      end: 247,
      file: 1457972598,
    ),
    NodeId(
      id: 32,
      file: 1457972598,
    ): Span(
      start: 54,
      end: 248,
      file: 1457972598,
    ),
    NodeId(
      id: 33,
      file: 1457972598,
    ): Span(
      start: 53,
      end: 249,
      file: 1457972598,
    ),
    NodeId(
      id: 34,
      file: 1457972598,
    ): Span(
      start: 52,
      end: 250,
      file: 1457972598,
    ),
    NodeId(
      id: 35,
      file: 1457972598,
    ): Span(
      start: 51,
      end: 251,
      file: 1457972598,
    ),
    NodeId(
      id: 36,
      file: 1457972598,
    ): Span(
      start: 50,
      end: 252,
      file: 1457972598,
    ),
    NodeId(
      id: 37,
      file: 1457972598,
    ): Span(
      start: 49,
      end: 253,
      file: 1457972598,
    ),
    NodeId(
      id: 38,
      file: 1457972598,
    ): Span(
      start: 48,
      end: 254,
      file: 1457972598,
    ),
    NodeId(
      id: 39,
      file: 1457972598,
    ): Span(
      start: 47,
      end: 255,
      file: 1457972598,
    ),
    NodeId(
      id: 40,
      file: 1457972598,
    ): Span(
      start: 46,
      end: 256,
      file: 1457972598,
    ),
    NodeId(
      id: 41,
      file: 1457972598,
    ): Span(
      start: 45,
      end: 257,
      file: 1457972598,
    ),
    NodeId(
      id: 42,
      file: 1457972598,
    ): Span(
      start: 44,
      end: 258,
      file: 1457972598,
    ),
    NodeId(
      id: 43,
      file: 1457972598,
    ): Span(
      start: 43,
      end: 259,
      file: 1457972598,
    ),
    NodeId(
      id: 44,
      file: 1457972598,
    ): Span(
      start: 42,
      end: 260,
      file: 1457972598,
    ),
    NodeId(
      id: 45,
      file: 1457972598,
    ): Span(
      start: 36,
      end: 262,
      file: 1457972598,
    ),
    NodeId(
      id: 46,
      file: 1457972598,
    ): Span(
      start: 20,
      end: 262,
      file: 1457972598,
    ),
  },
), [
  Expected(Some("type"), Token(
    span: Span(
      start: 32,
      end: 35,
      file: 1457972598,
    ),
    kind: I32,
    lexeme: Interned(1629207603688809684, PhantomData),
  )),
  RecursionLimit,
])
