---
source: crates/tackc_parser/src/ast/stmt.rs
expression: expr
input_file: crates/tackc_parser/src/ast/stmt-parse/expr.tck
---
Ok(ExpressionStatement(ExpressionStatement(
  span: Span(
    start: 0,
    end: 10,
  ),
  inner: Expression(
    span: Span(
      start: 0,
      end: 9,
    ),
    kind: Add(Expression(
      span: Span(
        start: 0,
        end: 1,
      ),
      kind: Primary(Primary(
        span: Span(
          start: 0,
          end: 1,
        ),
        kind: IntLit(Symbol(
          span: Span(
            start: 0,
            end: 1,
          ),
          ident: Interned(12543183117416492085, PhantomData),
        ), Decimal),
      )),
    ), Expression(
      span: Span(
        start: 4,
        end: 9,
      ),
      kind: Mul(Expression(
        span: Span(
          start: 4,
          end: 5,
        ),
        kind: Primary(Primary(
          span: Span(
            start: 4,
            end: 5,
          ),
          kind: IntLit(Symbol(
            span: Span(
              start: 4,
              end: 5,
            ),
            ident: Interned(14671982871472631300, PhantomData),
          ), Decimal),
        )),
      ), Expression(
        span: Span(
          start: 8,
          end: 9,
        ),
        kind: Primary(Primary(
          span: Span(
            start: 8,
            end: 9,
          ),
          kind: IntLit(Symbol(
            span: Span(
              start: 8,
              end: 9,
            ),
            ident: Interned(14894071113539278494, PhantomData),
          ), Decimal),
        )),
      )),
    )),
  ),
)))
