---
source: crates/tackc_parser/src/ast/expr.rs
expression: expr
input_file: crates/tackc_parser/src/ast/expr-parse/comparison.tck
---
Ok(Expression(
  span: Span(
    start: 0,
    end: 46,
  ),
  kind: NotEqual(Expression(
    span: Span(
      start: 0,
      end: 22,
    ),
    kind: Grouping(Expression(
      span: Span(
        start: 1,
        end: 21,
      ),
      kind: Equal(Expression(
        span: Span(
          start: 1,
          end: 9,
        ),
        kind: Grouping(Expression(
          span: Span(
            start: 2,
            end: 8,
          ),
          kind: GtEq(Expression(
            span: Span(
              start: 2,
              end: 3,
            ),
            kind: Primary(Primary(
              span: Span(
                start: 2,
                end: 3,
              ),
              kind: IntLit(Symbol(
                span: Span(
                  start: 2,
                  end: 3,
                ),
                inner: Interned(12543183117416492085, PhantomData),
              ), Decimal),
              id: NodeId(0),
            )),
            id: NodeId(1),
          ), Expression(
            span: Span(
              start: 7,
              end: 8,
            ),
            kind: Primary(Primary(
              span: Span(
                start: 7,
                end: 8,
              ),
              kind: IntLit(Symbol(
                span: Span(
                  start: 7,
                  end: 8,
                ),
                inner: Interned(12543183117416492085, PhantomData),
              ), Decimal),
              id: NodeId(2),
            )),
            id: NodeId(3),
          )),
          id: NodeId(4),
        )),
        id: NodeId(5),
      ), Expression(
        span: Span(
          start: 13,
          end: 21,
        ),
        kind: Grouping(Expression(
          span: Span(
            start: 14,
            end: 20,
          ),
          kind: LtEq(Expression(
            span: Span(
              start: 14,
              end: 15,
            ),
            kind: Primary(Primary(
              span: Span(
                start: 14,
                end: 15,
              ),
              kind: IntLit(Symbol(
                span: Span(
                  start: 14,
                  end: 15,
                ),
                inner: Interned(12543183117416492085, PhantomData),
              ), Decimal),
              id: NodeId(6),
            )),
            id: NodeId(7),
          ), Expression(
            span: Span(
              start: 19,
              end: 20,
            ),
            kind: Primary(Primary(
              span: Span(
                start: 19,
                end: 20,
              ),
              kind: IntLit(Symbol(
                span: Span(
                  start: 19,
                  end: 20,
                ),
                inner: Interned(17559175557623182033, PhantomData),
              ), Decimal),
              id: NodeId(8),
            )),
            id: NodeId(9),
          )),
          id: NodeId(10),
        )),
        id: NodeId(11),
      )),
      id: NodeId(12),
    )),
    id: NodeId(13),
  ), Expression(
    span: Span(
      start: 26,
      end: 46,
    ),
    kind: Grouping(Expression(
      span: Span(
        start: 27,
        end: 45,
      ),
      kind: Equal(Expression(
        span: Span(
          start: 27,
          end: 34,
        ),
        kind: Grouping(Expression(
          span: Span(
            start: 28,
            end: 33,
          ),
          kind: Gt(Expression(
            span: Span(
              start: 28,
              end: 29,
            ),
            kind: Primary(Primary(
              span: Span(
                start: 28,
                end: 29,
              ),
              kind: IntLit(Symbol(
                span: Span(
                  start: 28,
                  end: 29,
                ),
                inner: Interned(14671982871472631300, PhantomData),
              ), Decimal),
              id: NodeId(14),
            )),
            id: NodeId(15),
          ), Expression(
            span: Span(
              start: 32,
              end: 33,
            ),
            kind: Primary(Primary(
              span: Span(
                start: 32,
                end: 33,
              ),
              kind: IntLit(Symbol(
                span: Span(
                  start: 32,
                  end: 33,
                ),
                inner: Interned(12543183117416492085, PhantomData),
              ), Decimal),
              id: NodeId(16),
            )),
            id: NodeId(17),
          )),
          id: NodeId(18),
        )),
        id: NodeId(19),
      ), Expression(
        span: Span(
          start: 38,
          end: 45,
        ),
        kind: Grouping(Expression(
          span: Span(
            start: 39,
            end: 44,
          ),
          kind: Lt(Expression(
            span: Span(
              start: 39,
              end: 40,
            ),
            kind: Primary(Primary(
              span: Span(
                start: 39,
                end: 40,
              ),
              kind: IntLit(Symbol(
                span: Span(
                  start: 39,
                  end: 40,
                ),
                inner: Interned(15401311348005721897, PhantomData),
              ), Decimal),
              id: NodeId(20),
            )),
            id: NodeId(21),
          ), Expression(
            span: Span(
              start: 43,
              end: 44,
            ),
            kind: Primary(Primary(
              span: Span(
                start: 43,
                end: 44,
              ),
              kind: IntLit(Symbol(
                span: Span(
                  start: 43,
                  end: 44,
                ),
                inner: Interned(4091593736821351671, PhantomData),
              ), Decimal),
              id: NodeId(22),
            )),
            id: NodeId(23),
          )),
          id: NodeId(24),
        )),
        id: NodeId(25),
      )),
      id: NodeId(26),
    )),
    id: NodeId(27),
  )),
  id: NodeId(28),
))
