---
source: crates/tackc_parser/src/ast/prog.rs
expression: expr
input_file: crates/tackc_parser/src/ast/prog-parse/basic.tck
---
Err(ParseErrors(
  errors: [
    ParseError(
      kind: ExpectedFound(
        expected: Some("type"),
        found: I32,
        span: Some(Span(
          start: 23,
          end: 26,
        )),
      ),
    ),
    ParseError(
      kind: ExpectedFound(
        expected: Some("item"),
        found: RBrace,
        span: Some(Span(
          start: 43,
          end: 44,
        )),
      ),
    ),
    ParseError(
      kind: ExpectedFound(
        expected: Some("type"),
        found: I32,
        span: Some(Span(
          start: 58,
          end: 61,
        )),
      ),
    ),
  ],
))
