---
source: crates/tackc_parser/src/ast/stmt.rs
expression: expr
input_file: crates/tackc_parser/src/ast/stmt-parse/let.tck
---
Ok(LetStatement(LetStatement(
  span: Span(
    start: 0,
    end: 21,
  ),
  ident: Symbol(
    span: Span(
      start: 4,
      end: 5,
    ),
    inner: Interned(7125721452462380643, PhantomData),
  ),
  ty: Some(Expression(
    span: Span(
      start: 7,
      end: 8,
    ),
    kind: Primary(Primary(
      span: Span(
        start: 7,
        end: 8,
      ),
      kind: IntLit(Symbol(
        span: Span(
          start: 7,
          end: 8,
        ),
        inner: Interned(12543183117416492085, PhantomData),
      ), Decimal),
      id: NodeId(
        node: 0,
        file: 11905215619386935685,
      ),
    )),
    id: NodeId(
      node: 1,
      file: 11905215619386935685,
    ),
  )),
  expr: Some(Expression(
    span: Span(
      start: 11,
      end: 20,
    ),
    kind: Add(Expression(
      span: Span(
        start: 11,
        end: 12,
      ),
      kind: Primary(Primary(
        span: Span(
          start: 11,
          end: 12,
        ),
        kind: IntLit(Symbol(
          span: Span(
            start: 11,
            end: 12,
          ),
          inner: Interned(12543183117416492085, PhantomData),
        ), Decimal),
        id: NodeId(
          node: 2,
          file: 11905215619386935685,
        ),
      )),
      id: NodeId(
        node: 3,
        file: 11905215619386935685,
      ),
    ), Expression(
      span: Span(
        start: 15,
        end: 20,
      ),
      kind: Mul(Expression(
        span: Span(
          start: 15,
          end: 16,
        ),
        kind: Primary(Primary(
          span: Span(
            start: 15,
            end: 16,
          ),
          kind: IntLit(Symbol(
            span: Span(
              start: 15,
              end: 16,
            ),
            inner: Interned(4091593736821351671, PhantomData),
          ), Decimal),
          id: NodeId(
            node: 4,
            file: 11905215619386935685,
          ),
        )),
        id: NodeId(
          node: 5,
          file: 11905215619386935685,
        ),
      ), Expression(
        span: Span(
          start: 19,
          end: 20,
        ),
        kind: Primary(Primary(
          span: Span(
            start: 19,
            end: 20,
          ),
          kind: IntLit(Symbol(
            span: Span(
              start: 19,
              end: 20,
            ),
            inner: Interned(14671982871472631300, PhantomData),
          ), Decimal),
          id: NodeId(
            node: 6,
            file: 11905215619386935685,
          ),
        )),
        id: NodeId(
          node: 7,
          file: 11905215619386935685,
        ),
      )),
      id: NodeId(
        node: 8,
        file: 11905215619386935685,
      ),
    )),
    id: NodeId(
      node: 9,
      file: 11905215619386935685,
    ),
  )),
  id: NodeId(
    node: 10,
    file: 11905215619386935685,
  ),
)))
